
> foodappnext@0.1.0 build
> next build

Γû▓ Next.js 16.1.6 (Turbopack)

  Creating an optimized production build ...
node.exe : Browserslist: caniuse-lite is 
outdated. Please run:
At C:\Program Files\nodejs\npm.ps1:29 char:3
+   & $NODE_EXE $NPM_CLI_JS $args
+   ~~~~~~~~~~~~~~~~~~~~~~~~~~~~~
    + CategoryInfo          : NotSpecified: (Bro 
   wserslist: c...ed. Please run::String) [], R  
  emoteException
    + FullyQualifiedErrorId : NativeCommandError
 
  npx update-browserslist-db@latest
  Why you should do it regularly: 
https://github.com/browserslist/update-db#readme

> Build error occurred
Error: Turbopack build failed with 1 errors:
./public/images/resto.JPG
Unknown module type
This module doesn't have an associated type. Use 
a known file extension, or register a loader for 
it.

Read more: https://nextjs.org/docs/app/api-refere
nce/next-config-js/turbo#webpack-loaders


    at ignore-listed frames
